node : ΓÜá∩╕Å PhonePe 
credentials missing. Client 
not initialized.
At line:1 char:1
+ node scripts/test-payment-
system.js > test_output.txt 
2>&1
+ ~~~~~~~~~~~~~~~~~~~~~~~~~~
~~~~~~~~~~~~~~~~~~~~~~~~~~~~
~~~~
    + CategoryInfo          
    : NotSpecified: (ΓÜá∩╕  
  Å PhonePe ...ot initial   
 ized.:String) [], Remot    
eException
    + FullyQualifiedErrorId 
    : NativeCommandError
 
≡ƒÜÇ Starting PhonePe Payment System Tests...

Γ£à MongoDB connected

=== TESTING PHONEPE SERVICE ===
PHONEPE_MERCHANT_ID: Γ¥î Missing
PHONEPE_CLIENT_ID: Γ¥î Missing
PHONEPE_ENV: SANDBOX
PhonePe Credentials Present: Γ¥î No
Γ¥î PhonePe service is not 
configured properly in .env

=== TESTING PAYMENT MODELS ===
Γ£à Payment record created successfully
Payment ID: new ObjectId('697045c86bdde22072378d3e')
Γ£à Test payment cleaned up

=== TEST SUMMARY ===
PhonePe Service: Γ¥î FAIL
Payment Models: Γ£à PASS

Γ¥î Some tests failed. Check the logs above.
Database connection closed.
